Analysis & Synthesis report for top
Sat Feb 19 16:15:29 2022
Quartus Prime Version 18.1.0 Build 625 09/12/2018 SJ Lite Edition


---------------------
; Table of Contents ;
---------------------
  1. Legal Notice
  2. Analysis & Synthesis Summary
  3. Analysis & Synthesis Settings
  4. Parallel Compilation
  5. Analysis & Synthesis Source Files Read
  6. Analysis & Synthesis Resource Usage Summary
  7. Analysis & Synthesis Resource Utilization by Entity
  8. Analysis & Synthesis RAM Summary
  9. Analysis & Synthesis DSP Block Usage Summary
 10. General Register Statistics
 11. Registers Packed Into Inferred Megafunctions
 12. Multiplexer Restructuring Statistics (Restructuring Performed)
 13. Source assignments for ram:ram|altsyncram:ram_rtl_0|altsyncram_7i41:auto_generated
 14. Parameter Settings for User Entity Instance: ctr:ProgCtr
 15. Parameter Settings for User Entity Instance: ctr:stkCtr
 16. Parameter Settings for Inferred Entity Instance: ram:ram|altsyncram:ram_rtl_0
 17. Parameter Settings for Inferred Entity Instance: ALU:ALU|lpm_mult:Mult0
 18. Parameter Settings for Inferred Entity Instance: ALU:ALU|lpm_divide:Div0
 19. altsyncram Parameter Settings by Entity Instance
 20. lpm_mult Parameter Settings by Entity Instance
 21. Port Connectivity Checks: "ALU:ALU|FA:uFS"
 22. Port Connectivity Checks: "ALU:ALU|FA:uFA"
 23. Port Connectivity Checks: "ctrl:ctrl"
 24. Port Connectivity Checks: "ctr:stkCtr"
 25. Port Connectivity Checks: "ctr:ProgCtr"
 26. Post-Synthesis Netlist Statistics for Top Partition
 27. Elapsed Time Per Partition
 28. Analysis & Synthesis Messages
 29. Analysis & Synthesis Suppressed Messages



----------------
; Legal Notice ;
----------------
Copyright (C) 2018  Intel Corporation. All rights reserved.
Your use of Intel Corporation's design tools, logic functions 
and other software and tools, and its AMPP partner logic 
functions, and any output files from any of the foregoing 
(including device programming or simulation files), and any 
associated documentation or information are expressly subject 
to the terms and conditions of the Intel Program License 
Subscription Agreement, the Intel Quartus Prime License Agreement,
the Intel FPGA IP License Agreement, or other applicable license
agreement, including, without limitation, that your use is for
the sole purpose of programming logic devices manufactured by
Intel and sold by Intel or its authorized distributors.  Please
refer to the applicable agreement for further details.



+----------------------------------------------------------------------------------+
; Analysis & Synthesis Summary                                                     ;
+------------------------------------+---------------------------------------------+
; Analysis & Synthesis Status        ; Successful - Sat Feb 19 16:15:29 2022       ;
; Quartus Prime Version              ; 18.1.0 Build 625 09/12/2018 SJ Lite Edition ;
; Revision Name                      ; top                                         ;
; Top-level Entity Name              ; top                                         ;
; Family                             ; Cyclone IV E                                ;
; Total logic elements               ; 2,391                                       ;
;     Total combinational functions  ; 2,167                                       ;
;     Dedicated logic registers      ; 277                                         ;
; Total registers                    ; 277                                         ;
; Total pins                         ; 10                                          ;
; Total virtual pins                 ; 0                                           ;
; Total memory bits                  ; 65,536                                      ;
; Embedded Multiplier 9-bit elements ; 8                                           ;
; Total PLLs                         ; 0                                           ;
+------------------------------------+---------------------------------------------+


+------------------------------------------------------------------------------------------------------------+
; Analysis & Synthesis Settings                                                                              ;
+------------------------------------------------------------------+--------------------+--------------------+
; Option                                                           ; Setting            ; Default Value      ;
+------------------------------------------------------------------+--------------------+--------------------+
; Device                                                           ; EP4CE6E22C8        ;                    ;
; Top-level entity name                                            ; top                ; top                ;
; Family name                                                      ; Cyclone IV E       ; Cyclone V          ;
; Maximum processors allowed for parallel compilation              ; All                ;                    ;
; Use smart compilation                                            ; Off                ; Off                ;
; Enable parallel Assembler and Timing Analyzer during compilation ; On                 ; On                 ;
; Enable compact report table                                      ; Off                ; Off                ;
; Restructure Multiplexers                                         ; Auto               ; Auto               ;
; Create Debugging Nodes for IP Cores                              ; Off                ; Off                ;
; Preserve fewer node names                                        ; On                 ; On                 ;
; Intel FPGA IP Evaluation Mode                                    ; Enable             ; Enable             ;
; Verilog Version                                                  ; Verilog_2001       ; Verilog_2001       ;
; VHDL Version                                                     ; VHDL_1993          ; VHDL_1993          ;
; State Machine Processing                                         ; Auto               ; Auto               ;
; Safe State Machine                                               ; Off                ; Off                ;
; Extract Verilog State Machines                                   ; On                 ; On                 ;
; Extract VHDL State Machines                                      ; On                 ; On                 ;
; Ignore Verilog initial constructs                                ; Off                ; Off                ;
; Iteration limit for constant Verilog loops                       ; 5000               ; 5000               ;
; Iteration limit for non-constant Verilog loops                   ; 250                ; 250                ;
; Add Pass-Through Logic to Inferred RAMs                          ; On                 ; On                 ;
; Infer RAMs from Raw Logic                                        ; On                 ; On                 ;
; Parallel Synthesis                                               ; On                 ; On                 ;
; DSP Block Balancing                                              ; Auto               ; Auto               ;
; NOT Gate Push-Back                                               ; On                 ; On                 ;
; Power-Up Don't Care                                              ; On                 ; On                 ;
; Remove Redundant Logic Cells                                     ; Off                ; Off                ;
; Remove Duplicate Registers                                       ; On                 ; On                 ;
; Ignore CARRY Buffers                                             ; Off                ; Off                ;
; Ignore CASCADE Buffers                                           ; Off                ; Off                ;
; Ignore GLOBAL Buffers                                            ; Off                ; Off                ;
; Ignore ROW GLOBAL Buffers                                        ; Off                ; Off                ;
; Ignore LCELL Buffers                                             ; Off                ; Off                ;
; Ignore SOFT Buffers                                              ; On                 ; On                 ;
; Limit AHDL Integers to 32 Bits                                   ; Off                ; Off                ;
; Optimization Technique                                           ; Balanced           ; Balanced           ;
; Carry Chain Length                                               ; 70                 ; 70                 ;
; Auto Carry Chains                                                ; On                 ; On                 ;
; Auto Open-Drain Pins                                             ; On                 ; On                 ;
; Perform WYSIWYG Primitive Resynthesis                            ; Off                ; Off                ;
; Auto ROM Replacement                                             ; On                 ; On                 ;
; Auto RAM Replacement                                             ; On                 ; On                 ;
; Auto DSP Block Replacement                                       ; On                 ; On                 ;
; Auto Shift Register Replacement                                  ; Auto               ; Auto               ;
; Allow Shift Register Merging across Hierarchies                  ; Auto               ; Auto               ;
; Auto Clock Enable Replacement                                    ; On                 ; On                 ;
; Strict RAM Replacement                                           ; Off                ; Off                ;
; Allow Synchronous Control Signals                                ; On                 ; On                 ;
; Force Use of Synchronous Clear Signals                           ; Off                ; Off                ;
; Auto RAM Block Balancing                                         ; On                 ; On                 ;
; Auto RAM to Logic Cell Conversion                                ; Off                ; Off                ;
; Auto Resource Sharing                                            ; Off                ; Off                ;
; Allow Any RAM Size For Recognition                               ; Off                ; Off                ;
; Allow Any ROM Size For Recognition                               ; Off                ; Off                ;
; Allow Any Shift Register Size For Recognition                    ; Off                ; Off                ;
; Use LogicLock Constraints during Resource Balancing              ; On                 ; On                 ;
; Ignore translate_off and synthesis_off directives                ; Off                ; Off                ;
; Timing-Driven Synthesis                                          ; On                 ; On                 ;
; Report Parameter Settings                                        ; On                 ; On                 ;
; Report Source Assignments                                        ; On                 ; On                 ;
; Report Connectivity Checks                                       ; On                 ; On                 ;
; Ignore Maximum Fan-Out Assignments                               ; Off                ; Off                ;
; Synchronization Register Chain Length                            ; 2                  ; 2                  ;
; Power Optimization During Synthesis                              ; Normal compilation ; Normal compilation ;
; HDL message level                                                ; Level2             ; Level2             ;
; Suppress Register Optimization Related Messages                  ; Off                ; Off                ;
; Number of Removed Registers Reported in Synthesis Report         ; 5000               ; 5000               ;
; Number of Swept Nodes Reported in Synthesis Report               ; 5000               ; 5000               ;
; Number of Inverted Registers Reported in Synthesis Report        ; 100                ; 100                ;
; Clock MUX Protection                                             ; On                 ; On                 ;
; Auto Gated Clock Conversion                                      ; Off                ; Off                ;
; Block Design Naming                                              ; Auto               ; Auto               ;
; SDC constraint protection                                        ; Off                ; Off                ;
; Synthesis Effort                                                 ; Auto               ; Auto               ;
; Shift Register Replacement - Allow Asynchronous Clear Signal     ; On                 ; On                 ;
; Pre-Mapping Resynthesis Optimization                             ; Off                ; Off                ;
; Analysis & Synthesis Message Level                               ; Medium             ; Medium             ;
; Disable Register Merging Across Hierarchies                      ; Auto               ; Auto               ;
; Resource Aware Inference For Block RAM                           ; On                 ; On                 ;
+------------------------------------------------------------------+--------------------+--------------------+


+------------------------------------------+
; Parallel Compilation                     ;
+----------------------------+-------------+
; Processors                 ; Number      ;
+----------------------------+-------------+
; Number detected on machine ; 12          ;
; Maximum allowed            ; 6           ;
;                            ;             ;
; Average used               ; 1.01        ;
; Maximum used               ; 6           ;
;                            ;             ;
; Usage by Processor         ; % Time Used ;
;     Processor 1            ; 100.0%      ;
;     Processor 2            ;   0.2%      ;
;     Processor 3            ;   0.2%      ;
;     Processor 4            ;   0.2%      ;
;     Processor 5            ;   0.2%      ;
;     Processor 6            ;   0.2%      ;
+----------------------------+-------------+


+----------------------------------------------------------------------------------------------------------------------------------------------------------------------------+
; Analysis & Synthesis Source Files Read                                                                                                                                     ;
+----------------------------------+-----------------+------------------------------+------------------------------------------------------------------------------+---------+
; File Name with User-Entered Path ; Used in Netlist ; File Type                    ; File Name with Absolute Path                                                 ; Library ;
+----------------------------------+-----------------+------------------------------+------------------------------------------------------------------------------+---------+
; ../hdl/Mem/ram.v                 ; yes             ; User Verilog HDL File        ; G:/VP/hdl/Mem/ram.v                                                          ;         ;
; ../hdl/ALU/shifter.v             ; yes             ; User Verilog HDL File        ; G:/VP/hdl/ALU/shifter.v                                                      ;         ;
; ../hdl/regFile/regFile.v         ; yes             ; User Verilog HDL File        ; G:/VP/hdl/regFile/regFile.v                                                  ;         ;
; ../hdl/Mem/irom.v                ; yes             ; User Verilog HDL File        ; G:/VP/hdl/Mem/irom.v                                                         ;         ;
; ../hdl/Mem/ctr.v                 ; yes             ; User Verilog HDL File        ; G:/VP/hdl/Mem/ctr.v                                                          ;         ;
; ../hdl/ALU/FA.v                  ; yes             ; User Verilog HDL File        ; G:/VP/hdl/ALU/FA.v                                                           ;         ;
; ../hdl/ALU/ALU.v                 ; yes             ; User Verilog HDL File        ; G:/VP/hdl/ALU/ALU.v                                                          ;         ;
; ../hdl/topProc.v                 ; yes             ; User Verilog HDL File        ; G:/VP/hdl/topProc.v                                                          ;         ;
; ../hdl/jmpCtrl.v                 ; yes             ; User Verilog HDL File        ; G:/VP/hdl/jmpCtrl.v                                                          ;         ;
; ../hdl/ctrlUnit.v                ; yes             ; User Verilog HDL File        ; G:/VP/hdl/ctrlUnit.v                                                         ;         ;
; /vp/simulation/goodisa_rmh.mem   ; yes             ; Auto-Found Unspecified File  ; /vp/simulation/goodisa_rmh.mem                                               ;         ;
; altsyncram.tdf                   ; yes             ; Megafunction                 ; c:/intelfpga_lite/18.1/quartus/libraries/megafunctions/altsyncram.tdf        ;         ;
; stratix_ram_block.inc            ; yes             ; Megafunction                 ; c:/intelfpga_lite/18.1/quartus/libraries/megafunctions/stratix_ram_block.inc ;         ;
; lpm_mux.inc                      ; yes             ; Megafunction                 ; c:/intelfpga_lite/18.1/quartus/libraries/megafunctions/lpm_mux.inc           ;         ;
; lpm_decode.inc                   ; yes             ; Megafunction                 ; c:/intelfpga_lite/18.1/quartus/libraries/megafunctions/lpm_decode.inc        ;         ;
; aglobal181.inc                   ; yes             ; Megafunction                 ; c:/intelfpga_lite/18.1/quartus/libraries/megafunctions/aglobal181.inc        ;         ;
; a_rdenreg.inc                    ; yes             ; Megafunction                 ; c:/intelfpga_lite/18.1/quartus/libraries/megafunctions/a_rdenreg.inc         ;         ;
; altrom.inc                       ; yes             ; Megafunction                 ; c:/intelfpga_lite/18.1/quartus/libraries/megafunctions/altrom.inc            ;         ;
; altram.inc                       ; yes             ; Megafunction                 ; c:/intelfpga_lite/18.1/quartus/libraries/megafunctions/altram.inc            ;         ;
; altdpram.inc                     ; yes             ; Megafunction                 ; c:/intelfpga_lite/18.1/quartus/libraries/megafunctions/altdpram.inc          ;         ;
; db/altsyncram_7i41.tdf           ; yes             ; Auto-Generated Megafunction  ; G:/VP/synthesis/db/altsyncram_7i41.tdf                                       ;         ;
; lpm_mult.tdf                     ; yes             ; Megafunction                 ; c:/intelfpga_lite/18.1/quartus/libraries/megafunctions/lpm_mult.tdf          ;         ;
; lpm_add_sub.inc                  ; yes             ; Megafunction                 ; c:/intelfpga_lite/18.1/quartus/libraries/megafunctions/lpm_add_sub.inc       ;         ;
; multcore.inc                     ; yes             ; Megafunction                 ; c:/intelfpga_lite/18.1/quartus/libraries/megafunctions/multcore.inc          ;         ;
; bypassff.inc                     ; yes             ; Megafunction                 ; c:/intelfpga_lite/18.1/quartus/libraries/megafunctions/bypassff.inc          ;         ;
; altshift.inc                     ; yes             ; Megafunction                 ; c:/intelfpga_lite/18.1/quartus/libraries/megafunctions/altshift.inc          ;         ;
; db/mult_7dt.tdf                  ; yes             ; Auto-Generated Megafunction  ; G:/VP/synthesis/db/mult_7dt.tdf                                              ;         ;
; lpm_divide.tdf                   ; yes             ; Megafunction                 ; c:/intelfpga_lite/18.1/quartus/libraries/megafunctions/lpm_divide.tdf        ;         ;
; abs_divider.inc                  ; yes             ; Megafunction                 ; c:/intelfpga_lite/18.1/quartus/libraries/megafunctions/abs_divider.inc       ;         ;
; sign_div_unsign.inc              ; yes             ; Megafunction                 ; c:/intelfpga_lite/18.1/quartus/libraries/megafunctions/sign_div_unsign.inc   ;         ;
; db/lpm_divide_hkm.tdf            ; yes             ; Auto-Generated Megafunction  ; G:/VP/synthesis/db/lpm_divide_hkm.tdf                                        ;         ;
; db/sign_div_unsign_9nh.tdf       ; yes             ; Auto-Generated Megafunction  ; G:/VP/synthesis/db/sign_div_unsign_9nh.tdf                                   ;         ;
; db/alt_u_div_6af.tdf             ; yes             ; Auto-Generated Megafunction  ; G:/VP/synthesis/db/alt_u_div_6af.tdf                                         ;         ;
; db/add_sub_7pc.tdf               ; yes             ; Auto-Generated Megafunction  ; G:/VP/synthesis/db/add_sub_7pc.tdf                                           ;         ;
; db/add_sub_8pc.tdf               ; yes             ; Auto-Generated Megafunction  ; G:/VP/synthesis/db/add_sub_8pc.tdf                                           ;         ;
+----------------------------------+-----------------+------------------------------+------------------------------------------------------------------------------+---------+


+-----------------------------------------------------+
; Analysis & Synthesis Resource Usage Summary         ;
+---------------------------------------------+-------+
; Resource                                    ; Usage ;
+---------------------------------------------+-------+
; Estimated Total logic elements              ; 2,391 ;
;                                             ;       ;
; Total combinational functions               ; 2167  ;
; Logic element usage by number of LUT inputs ;       ;
;     -- 4 input functions                    ; 1265  ;
;     -- 3 input functions                    ; 809   ;
;     -- <=2 input functions                  ; 93    ;
;                                             ;       ;
; Logic elements by mode                      ;       ;
;     -- normal mode                          ; 1514  ;
;     -- arithmetic mode                      ; 653   ;
;                                             ;       ;
; Total registers                             ; 277   ;
;     -- Dedicated logic registers            ; 277   ;
;     -- I/O registers                        ; 0     ;
;                                             ;       ;
; I/O pins                                    ; 10    ;
; Total memory bits                           ; 65536 ;
;                                             ;       ;
; Embedded Multiplier 9-bit elements          ; 8     ;
;                                             ;       ;
; Maximum fan-out node                        ; clk   ;
; Maximum fan-out                             ; 309   ;
; Total fan-out                               ; 9398  ;
; Average fan-out                             ; 3.75  ;
+---------------------------------------------+-------+


+------------------------------------------------------------------------------------------------------------------------------------------------------------------------------------------------------------------------------------------------------------------------------------------------------------------------------------------------+
; Analysis & Synthesis Resource Utilization by Entity                                                                                                                                                                                                                                                                                            ;
+-------------------------------------------+---------------------+---------------------------+-------------+--------------+---------+-----------+------+--------------+------------------------------------------------------------------------------------------------------------------------------------+---------------------+--------------+
; Compilation Hierarchy Node                ; Combinational ALUTs ; Dedicated Logic Registers ; Memory Bits ; DSP Elements ; DSP 9x9 ; DSP 18x18 ; Pins ; Virtual Pins ; Full Hierarchy Name                                                                                                                ; Entity Name         ; Library Name ;
+-------------------------------------------+---------------------+---------------------------+-------------+--------------+---------+-----------+------+--------------+------------------------------------------------------------------------------------------------------------------------------------+---------------------+--------------+
; |top                                      ; 2167 (199)          ; 277 (0)                   ; 65536       ; 8            ; 0       ; 4         ; 10   ; 0            ; |top                                                                                                                               ; top                 ; work         ;
;    |ALU:ALU|                              ; 1569 (308)          ; 0 (0)                     ; 0           ; 8            ; 0       ; 4         ; 0    ; 0            ; |top|ALU:ALU                                                                                                                       ; ALU                 ; work         ;
;       |FA:uFS|                            ; 65 (65)             ; 0 (0)                     ; 0           ; 0            ; 0       ; 0         ; 0    ; 0            ; |top|ALU:ALU|FA:uFS                                                                                                                ; FA                  ; work         ;
;       |lpm_divide:Div0|                   ; 1115 (0)            ; 0 (0)                     ; 0           ; 0            ; 0       ; 0         ; 0    ; 0            ; |top|ALU:ALU|lpm_divide:Div0                                                                                                       ; lpm_divide          ; work         ;
;          |lpm_divide_hkm:auto_generated|  ; 1115 (0)            ; 0 (0)                     ; 0           ; 0            ; 0       ; 0         ; 0    ; 0            ; |top|ALU:ALU|lpm_divide:Div0|lpm_divide_hkm:auto_generated                                                                         ; lpm_divide_hkm      ; work         ;
;             |sign_div_unsign_9nh:divider| ; 1115 (0)            ; 0 (0)                     ; 0           ; 0            ; 0       ; 0         ; 0    ; 0            ; |top|ALU:ALU|lpm_divide:Div0|lpm_divide_hkm:auto_generated|sign_div_unsign_9nh:divider                                             ; sign_div_unsign_9nh ; work         ;
;                |alt_u_div_6af:divider|    ; 1115 (1114)         ; 0 (0)                     ; 0           ; 0            ; 0       ; 0         ; 0    ; 0            ; |top|ALU:ALU|lpm_divide:Div0|lpm_divide_hkm:auto_generated|sign_div_unsign_9nh:divider|alt_u_div_6af:divider                       ; alt_u_div_6af       ; work         ;
;                   |add_sub_8pc:add_sub_1| ; 1 (1)               ; 0 (0)                     ; 0           ; 0            ; 0       ; 0         ; 0    ; 0            ; |top|ALU:ALU|lpm_divide:Div0|lpm_divide_hkm:auto_generated|sign_div_unsign_9nh:divider|alt_u_div_6af:divider|add_sub_8pc:add_sub_1 ; add_sub_8pc         ; work         ;
;       |lpm_mult:Mult0|                    ; 79 (0)              ; 0 (0)                     ; 0           ; 8            ; 0       ; 4         ; 0    ; 0            ; |top|ALU:ALU|lpm_mult:Mult0                                                                                                        ; lpm_mult            ; work         ;
;          |mult_7dt:auto_generated|        ; 79 (79)             ; 0 (0)                     ; 0           ; 8            ; 0       ; 4         ; 0    ; 0            ; |top|ALU:ALU|lpm_mult:Mult0|mult_7dt:auto_generated                                                                                ; mult_7dt            ; work         ;
;       |shifter:SH|                        ; 2 (2)               ; 0 (0)                     ; 0           ; 0            ; 0       ; 0         ; 0    ; 0            ; |top|ALU:ALU|shifter:SH                                                                                                            ; shifter             ; work         ;
;    |ctr:ProgCtr|                          ; 20 (20)             ; 10 (10)                   ; 0           ; 0            ; 0       ; 0         ; 0    ; 0            ; |top|ctr:ProgCtr                                                                                                                   ; ctr                 ; work         ;
;    |ctr:stkCtr|                           ; 12 (12)             ; 11 (11)                   ; 0           ; 0            ; 0       ; 0         ; 0    ; 0            ; |top|ctr:stkCtr                                                                                                                    ; ctr                 ; work         ;
;    |ctrl:ctrl|                            ; 93 (93)             ; 0 (0)                     ; 0           ; 0            ; 0       ; 0         ; 0    ; 0            ; |top|ctrl:ctrl                                                                                                                     ; ctrl                ; work         ;
;    |irom:instRom|                         ; 48 (48)             ; 0 (0)                     ; 0           ; 0            ; 0       ; 0         ; 0    ; 0            ; |top|irom:instRom                                                                                                                  ; irom                ; work         ;
;    |jmpCtrl:jmpCtrl|                      ; 7 (7)               ; 0 (0)                     ; 0           ; 0            ; 0       ; 0         ; 0    ; 0            ; |top|jmpCtrl:jmpCtrl                                                                                                               ; jmpCtrl             ; work         ;
;    |ram:ram|                              ; 0 (0)               ; 0 (0)                     ; 65536       ; 0            ; 0       ; 0         ; 0    ; 0            ; |top|ram:ram                                                                                                                       ; ram                 ; work         ;
;       |altsyncram:ram_rtl_0|              ; 0 (0)               ; 0 (0)                     ; 65536       ; 0            ; 0       ; 0         ; 0    ; 0            ; |top|ram:ram|altsyncram:ram_rtl_0                                                                                                  ; altsyncram          ; work         ;
;          |altsyncram_7i41:auto_generated| ; 0 (0)               ; 0 (0)                     ; 65536       ; 0            ; 0       ; 0         ; 0    ; 0            ; |top|ram:ram|altsyncram:ram_rtl_0|altsyncram_7i41:auto_generated                                                                   ; altsyncram_7i41     ; work         ;
;    |regFile:regFile|                      ; 219 (219)           ; 256 (256)                 ; 0           ; 0            ; 0       ; 0         ; 0    ; 0            ; |top|regFile:regFile                                                                                                               ; regFile             ; work         ;
+-------------------------------------------+---------------------+---------------------------+-------------+--------------+---------+-----------+------+--------------+------------------------------------------------------------------------------------------------------------------------------------+---------------------+--------------+
Note: For table entries with two numbers listed, the numbers in parentheses indicate the number of resources of the given type used by the specific entity alone. The numbers listed outside of parentheses indicate the total resources of the given type used by the specific entity and all of its sub-entities in the hierarchy.


+------------------------------------------------------------------------------------------------------------------------------------------------------------------------+
; Analysis & Synthesis RAM Summary                                                                                                                                       ;
+------------------------------------------------------------------------+------+-------------+--------------+--------------+--------------+--------------+-------+------+
; Name                                                                   ; Type ; Mode        ; Port A Depth ; Port A Width ; Port B Depth ; Port B Width ; Size  ; MIF  ;
+------------------------------------------------------------------------+------+-------------+--------------+--------------+--------------+--------------+-------+------+
; ram:ram|altsyncram:ram_rtl_0|altsyncram_7i41:auto_generated|ALTSYNCRAM ; AUTO ; Single Port ; 2048         ; 32           ; --           ; --           ; 65536 ; None ;
+------------------------------------------------------------------------+------+-------------+--------------+--------------+--------------+--------------+-------+------+


+-----------------------------------------------------+
; Analysis & Synthesis DSP Block Usage Summary        ;
+---------------------------------------+-------------+
; Statistic                             ; Number Used ;
+---------------------------------------+-------------+
; Simple Multipliers (9-bit)            ; 0           ;
; Simple Multipliers (18-bit)           ; 4           ;
; Embedded Multiplier Blocks            ; --          ;
; Embedded Multiplier 9-bit elements    ; 8           ;
; Signed Embedded Multipliers           ; 0           ;
; Unsigned Embedded Multipliers         ; 4           ;
; Mixed Sign Embedded Multipliers       ; 0           ;
; Variable Sign Embedded Multipliers    ; 0           ;
; Dedicated Input Shift Register Chains ; 0           ;
+---------------------------------------+-------------+
Note: number of Embedded Multiplier Blocks used is only available after a successful fit.


+------------------------------------------------------+
; General Register Statistics                          ;
+----------------------------------------------+-------+
; Statistic                                    ; Value ;
+----------------------------------------------+-------+
; Total registers                              ; 277   ;
; Number of registers using Synchronous Clear  ; 32    ;
; Number of registers using Synchronous Load   ; 53    ;
; Number of registers using Asynchronous Clear ; 256   ;
; Number of registers using Asynchronous Load  ; 0     ;
; Number of registers using Clock Enable       ; 267   ;
; Number of registers using Preset             ; 0     ;
+----------------------------------------------+-------+


+------------------------------------------------+
; Registers Packed Into Inferred Megafunctions   ;
+---------------------+-------------------+------+
; Register Name       ; Megafunction      ; Type ;
+---------------------+-------------------+------+
; ram:ram|data[0..31] ; ram:ram|ram_rtl_0 ; RAM  ;
+---------------------+-------------------+------+


+--------------------------------------------------------------------------------------------------------------------------------------------------+
; Multiplexer Restructuring Statistics (Restructuring Performed)                                                                                   ;
+--------------------+-----------+---------------+----------------------+------------------------+------------+------------------------------------+
; Multiplexer Inputs ; Bus Width ; Baseline Area ; Area if Restructured ; Saving if Restructured ; Registered ; Example Multiplexer Output         ;
+--------------------+-----------+---------------+----------------------+------------------------+------------+------------------------------------+
; 3:1                ; 10 bits   ; 20 LEs        ; 20 LEs               ; 0 LEs                  ; Yes        ; |top|ctr:ProgCtr|ctrOutAux[5]      ;
; 4:1                ; 32 bits   ; 64 LEs        ; 64 LEs               ; 0 LEs                  ; Yes        ; |top|regFile:regFile|regFile[3][5] ;
; 4:1                ; 11 bits   ; 22 LEs        ; 22 LEs               ; 0 LEs                  ; Yes        ; |top|ctr:stkCtr|ctrOutAux[10]      ;
; 3:1                ; 5 bits    ; 10 LEs        ; 10 LEs               ; 0 LEs                  ; No         ; |top|memMuxAddrOut[7]              ;
; 8:1                ; 32 bits   ; 160 LEs       ; 160 LEs              ; 0 LEs                  ; No         ; |top|regFile:regFile|Mux13         ;
; 9:1                ; 17 bits   ; 102 LEs       ; 102 LEs              ; 0 LEs                  ; No         ; |top|aluOp2[24]                    ;
; 16:1               ; 30 bits   ; 300 LEs       ; 270 LEs              ; 30 LEs                 ; No         ; |top|ALU:ALU|Mux7                  ;
; 10:1               ; 5 bits    ; 30 LEs        ; 30 LEs               ; 0 LEs                  ; No         ; |top|aluOp2[25]                    ;
; 17:1               ; 3 bits    ; 33 LEs        ; 18 LEs               ; 15 LEs                 ; No         ; |top|aluOp2[7]                     ;
; 33:1               ; 2 bits    ; 44 LEs        ; 12 LEs               ; 32 LEs                 ; No         ; |top|aluOp2[6]                     ;
; 9:1                ; 3 bits    ; 18 LEs        ; 12 LEs               ; 6 LEs                  ; No         ; |top|ctrl:ctrl|Selector0           ;
; 15:1               ; 2 bits    ; 20 LEs        ; 18 LEs               ; 2 LEs                  ; No         ; |top|aluOp2[3]                     ;
+--------------------+-----------+---------------+----------------------+------------------------+------------+------------------------------------+


+------------------------------------------------------------------------------------+
; Source assignments for ram:ram|altsyncram:ram_rtl_0|altsyncram_7i41:auto_generated ;
+---------------------------------+--------------------+------+----------------------+
; Assignment                      ; Value              ; From ; To                   ;
+---------------------------------+--------------------+------+----------------------+
; OPTIMIZE_POWER_DURING_SYNTHESIS ; NORMAL_COMPILATION ; -    ; -                    ;
+---------------------------------+--------------------+------+----------------------+


+----------------------------------------------------------+
; Parameter Settings for User Entity Instance: ctr:ProgCtr ;
+----------------+-------+---------------------------------+
; Parameter Name ; Value ; Type                            ;
+----------------+-------+---------------------------------+
; width          ; 10    ; Signed Integer                  ;
+----------------+-------+---------------------------------+
Note: In order to hide this table in the UI and the text report file, please set the "Show Parameter Settings in Synthesis Report" option in "Analysis and Synthesis Settings -> More Settings" to "Off".


+---------------------------------------------------------+
; Parameter Settings for User Entity Instance: ctr:stkCtr ;
+----------------+-------+--------------------------------+
; Parameter Name ; Value ; Type                           ;
+----------------+-------+--------------------------------+
; width          ; 11    ; Signed Integer                 ;
+----------------+-------+--------------------------------+
Note: In order to hide this table in the UI and the text report file, please set the "Show Parameter Settings in Synthesis Report" option in "Analysis and Synthesis Settings -> More Settings" to "Off".


+-------------------------------------------------------------------------------+
; Parameter Settings for Inferred Entity Instance: ram:ram|altsyncram:ram_rtl_0 ;
+------------------------------------+----------------------+-------------------+
; Parameter Name                     ; Value                ; Type              ;
+------------------------------------+----------------------+-------------------+
; BYTE_SIZE_BLOCK                    ; 8                    ; Untyped           ;
; AUTO_CARRY_CHAINS                  ; ON                   ; AUTO_CARRY        ;
; IGNORE_CARRY_BUFFERS               ; OFF                  ; IGNORE_CARRY      ;
; AUTO_CASCADE_CHAINS                ; ON                   ; AUTO_CASCADE      ;
; IGNORE_CASCADE_BUFFERS             ; OFF                  ; IGNORE_CASCADE    ;
; WIDTH_BYTEENA                      ; 1                    ; Untyped           ;
; OPERATION_MODE                     ; SINGLE_PORT          ; Untyped           ;
; WIDTH_A                            ; 32                   ; Untyped           ;
; WIDTHAD_A                          ; 11                   ; Untyped           ;
; NUMWORDS_A                         ; 2048                 ; Untyped           ;
; OUTDATA_REG_A                      ; UNREGISTERED         ; Untyped           ;
; ADDRESS_ACLR_A                     ; NONE                 ; Untyped           ;
; OUTDATA_ACLR_A                     ; NONE                 ; Untyped           ;
; WRCONTROL_ACLR_A                   ; NONE                 ; Untyped           ;
; INDATA_ACLR_A                      ; NONE                 ; Untyped           ;
; BYTEENA_ACLR_A                     ; NONE                 ; Untyped           ;
; WIDTH_B                            ; 1                    ; Untyped           ;
; WIDTHAD_B                          ; 1                    ; Untyped           ;
; NUMWORDS_B                         ; 1                    ; Untyped           ;
; INDATA_REG_B                       ; CLOCK1               ; Untyped           ;
; WRCONTROL_WRADDRESS_REG_B          ; CLOCK1               ; Untyped           ;
; RDCONTROL_REG_B                    ; CLOCK1               ; Untyped           ;
; ADDRESS_REG_B                      ; CLOCK1               ; Untyped           ;
; OUTDATA_REG_B                      ; UNREGISTERED         ; Untyped           ;
; BYTEENA_REG_B                      ; CLOCK1               ; Untyped           ;
; INDATA_ACLR_B                      ; NONE                 ; Untyped           ;
; WRCONTROL_ACLR_B                   ; NONE                 ; Untyped           ;
; ADDRESS_ACLR_B                     ; NONE                 ; Untyped           ;
; OUTDATA_ACLR_B                     ; NONE                 ; Untyped           ;
; RDCONTROL_ACLR_B                   ; NONE                 ; Untyped           ;
; BYTEENA_ACLR_B                     ; NONE                 ; Untyped           ;
; WIDTH_BYTEENA_A                    ; 1                    ; Untyped           ;
; WIDTH_BYTEENA_B                    ; 1                    ; Untyped           ;
; RAM_BLOCK_TYPE                     ; AUTO                 ; Untyped           ;
; BYTE_SIZE                          ; 8                    ; Untyped           ;
; READ_DURING_WRITE_MODE_MIXED_PORTS ; DONT_CARE            ; Untyped           ;
; READ_DURING_WRITE_MODE_PORT_A      ; NEW_DATA_NO_NBE_READ ; Untyped           ;
; READ_DURING_WRITE_MODE_PORT_B      ; NEW_DATA_NO_NBE_READ ; Untyped           ;
; INIT_FILE                          ; UNUSED               ; Untyped           ;
; INIT_FILE_LAYOUT                   ; PORT_A               ; Untyped           ;
; MAXIMUM_DEPTH                      ; 0                    ; Untyped           ;
; CLOCK_ENABLE_INPUT_A               ; NORMAL               ; Untyped           ;
; CLOCK_ENABLE_INPUT_B               ; NORMAL               ; Untyped           ;
; CLOCK_ENABLE_OUTPUT_A              ; NORMAL               ; Untyped           ;
; CLOCK_ENABLE_OUTPUT_B              ; NORMAL               ; Untyped           ;
; CLOCK_ENABLE_CORE_A                ; USE_INPUT_CLKEN      ; Untyped           ;
; CLOCK_ENABLE_CORE_B                ; USE_INPUT_CLKEN      ; Untyped           ;
; ENABLE_ECC                         ; FALSE                ; Untyped           ;
; ECC_PIPELINE_STAGE_ENABLED         ; FALSE                ; Untyped           ;
; WIDTH_ECCSTATUS                    ; 3                    ; Untyped           ;
; DEVICE_FAMILY                      ; Cyclone IV E         ; Untyped           ;
; CBXI_PARAMETER                     ; altsyncram_7i41      ; Untyped           ;
+------------------------------------+----------------------+-------------------+
Note: In order to hide this table in the UI and the text report file, please set the "Show Parameter Settings in Synthesis Report" option in "Analysis and Synthesis Settings -> More Settings" to "Off".


+-------------------------------------------------------------------------------------+
; Parameter Settings for Inferred Entity Instance: ALU:ALU|lpm_mult:Mult0             ;
+------------------------------------------------+--------------+---------------------+
; Parameter Name                                 ; Value        ; Type                ;
+------------------------------------------------+--------------+---------------------+
; AUTO_CARRY_CHAINS                              ; ON           ; AUTO_CARRY          ;
; IGNORE_CARRY_BUFFERS                           ; OFF          ; IGNORE_CARRY        ;
; AUTO_CASCADE_CHAINS                            ; ON           ; AUTO_CASCADE        ;
; IGNORE_CASCADE_BUFFERS                         ; OFF          ; IGNORE_CASCADE      ;
; LPM_WIDTHA                                     ; 32           ; Untyped             ;
; LPM_WIDTHB                                     ; 32           ; Untyped             ;
; LPM_WIDTHP                                     ; 64           ; Untyped             ;
; LPM_WIDTHR                                     ; 64           ; Untyped             ;
; LPM_WIDTHS                                     ; 1            ; Untyped             ;
; LPM_REPRESENTATION                             ; UNSIGNED     ; Untyped             ;
; LPM_PIPELINE                                   ; 0            ; Untyped             ;
; LATENCY                                        ; 0            ; Untyped             ;
; INPUT_A_IS_CONSTANT                            ; NO           ; Untyped             ;
; INPUT_B_IS_CONSTANT                            ; NO           ; Untyped             ;
; USE_EAB                                        ; OFF          ; Untyped             ;
; MAXIMIZE_SPEED                                 ; 5            ; Untyped             ;
; DEVICE_FAMILY                                  ; Cyclone IV E ; Untyped             ;
; CARRY_CHAIN                                    ; MANUAL       ; Untyped             ;
; APEX20K_TECHNOLOGY_MAPPER                      ; LUT          ; TECH_MAPPER_APEX20K ;
; DEDICATED_MULTIPLIER_CIRCUITRY                 ; AUTO         ; Untyped             ;
; DEDICATED_MULTIPLIER_MIN_INPUT_WIDTH_FOR_AUTO  ; 0            ; Untyped             ;
; DEDICATED_MULTIPLIER_MIN_OUTPUT_WIDTH_FOR_AUTO ; 0            ; Untyped             ;
; CBXI_PARAMETER                                 ; mult_7dt     ; Untyped             ;
; INPUT_A_FIXED_VALUE                            ; Bx           ; Untyped             ;
; INPUT_B_FIXED_VALUE                            ; Bx           ; Untyped             ;
; USE_AHDL_IMPLEMENTATION                        ; OFF          ; Untyped             ;
+------------------------------------------------+--------------+---------------------+
Note: In order to hide this table in the UI and the text report file, please set the "Show Parameter Settings in Synthesis Report" option in "Analysis and Synthesis Settings -> More Settings" to "Off".


+--------------------------------------------------------------------------+
; Parameter Settings for Inferred Entity Instance: ALU:ALU|lpm_divide:Div0 ;
+------------------------+----------------+--------------------------------+
; Parameter Name         ; Value          ; Type                           ;
+------------------------+----------------+--------------------------------+
; LPM_WIDTHN             ; 32             ; Untyped                        ;
; LPM_WIDTHD             ; 32             ; Untyped                        ;
; LPM_NREPRESENTATION    ; UNSIGNED       ; Untyped                        ;
; LPM_DREPRESENTATION    ; UNSIGNED       ; Untyped                        ;
; LPM_PIPELINE           ; 0              ; Untyped                        ;
; LPM_REMAINDERPOSITIVE  ; TRUE           ; Untyped                        ;
; MAXIMIZE_SPEED         ; 5              ; Untyped                        ;
; CBXI_PARAMETER         ; lpm_divide_hkm ; Untyped                        ;
; CARRY_CHAIN            ; MANUAL         ; Untyped                        ;
; OPTIMIZE_FOR_SPEED     ; 5              ; Untyped                        ;
; AUTO_CARRY_CHAINS      ; ON             ; AUTO_CARRY                     ;
; IGNORE_CARRY_BUFFERS   ; OFF            ; IGNORE_CARRY                   ;
; AUTO_CASCADE_CHAINS    ; ON             ; AUTO_CASCADE                   ;
; IGNORE_CASCADE_BUFFERS ; OFF            ; IGNORE_CASCADE                 ;
+------------------------+----------------+--------------------------------+
Note: In order to hide this table in the UI and the text report file, please set the "Show Parameter Settings in Synthesis Report" option in "Analysis and Synthesis Settings -> More Settings" to "Off".


+--------------------------------------------------------------------------+
; altsyncram Parameter Settings by Entity Instance                         ;
+-------------------------------------------+------------------------------+
; Name                                      ; Value                        ;
+-------------------------------------------+------------------------------+
; Number of entity instances                ; 1                            ;
; Entity Instance                           ; ram:ram|altsyncram:ram_rtl_0 ;
;     -- OPERATION_MODE                     ; SINGLE_PORT                  ;
;     -- WIDTH_A                            ; 32                           ;
;     -- NUMWORDS_A                         ; 2048                         ;
;     -- OUTDATA_REG_A                      ; UNREGISTERED                 ;
;     -- WIDTH_B                            ; 1                            ;
;     -- NUMWORDS_B                         ; 1                            ;
;     -- ADDRESS_REG_B                      ; CLOCK1                       ;
;     -- OUTDATA_REG_B                      ; UNREGISTERED                 ;
;     -- RAM_BLOCK_TYPE                     ; AUTO                         ;
;     -- READ_DURING_WRITE_MODE_MIXED_PORTS ; DONT_CARE                    ;
+-------------------------------------------+------------------------------+


+----------------------------------------------------------------+
; lpm_mult Parameter Settings by Entity Instance                 ;
+---------------------------------------+------------------------+
; Name                                  ; Value                  ;
+---------------------------------------+------------------------+
; Number of entity instances            ; 1                      ;
; Entity Instance                       ; ALU:ALU|lpm_mult:Mult0 ;
;     -- LPM_WIDTHA                     ; 32                     ;
;     -- LPM_WIDTHB                     ; 32                     ;
;     -- LPM_WIDTHP                     ; 64                     ;
;     -- LPM_REPRESENTATION             ; UNSIGNED               ;
;     -- INPUT_A_IS_CONSTANT            ; NO                     ;
;     -- INPUT_B_IS_CONSTANT            ; NO                     ;
;     -- USE_EAB                        ; OFF                    ;
;     -- DEDICATED_MULTIPLIER_CIRCUITRY ; AUTO                   ;
;     -- INPUT_A_FIXED_VALUE            ; Bx                     ;
;     -- INPUT_B_FIXED_VALUE            ; Bx                     ;
+---------------------------------------+------------------------+


+--------------------------------------------+
; Port Connectivity Checks: "ALU:ALU|FA:uFS" ;
+------+-------+----------+------------------+
; Port ; Type  ; Severity ; Details          ;
+------+-------+----------+------------------+
; cin  ; Input ; Info     ; Stuck at VCC     ;
+------+-------+----------+------------------+


+--------------------------------------------+
; Port Connectivity Checks: "ALU:ALU|FA:uFA" ;
+------+-------+----------+------------------+
; Port ; Type  ; Severity ; Details          ;
+------+-------+----------+------------------+
; cin  ; Input ; Info     ; Stuck at GND     ;
+------+-------+----------+------------------+


+-------------------------------------------------------------------------------------------------------------------+
; Port Connectivity Checks: "ctrl:ctrl"                                                                             ;
+---------+--------+----------+-------------------------------------------------------------------------------------+
; Port    ; Type   ; Severity ; Details                                                                             ;
+---------+--------+----------+-------------------------------------------------------------------------------------+
; resAddr ; Output ; Info     ; Connected to dangling logic. Logic that only feeds a dangling port will be removed. ;
+---------+--------+----------+-------------------------------------------------------------------------------------+


+------------------------------------------+
; Port Connectivity Checks: "ctr:stkCtr"   ;
+--------+-------+----------+--------------+
; Port   ; Type  ; Severity ; Details      ;
+--------+-------+----------+--------------+
; jmp    ; Input ; Info     ; Stuck at GND ;
; jmpLoc ; Input ; Info     ; Stuck at GND ;
+--------+-------+----------+--------------+


+-----------------------------------------+
; Port Connectivity Checks: "ctr:ProgCtr" ;
+------+-------+----------+---------------+
; Port ; Type  ; Severity ; Details       ;
+------+-------+----------+---------------+
; en   ; Input ; Info     ; Stuck at VCC  ;
; dir  ; Input ; Info     ; Stuck at VCC  ;
+------+-------+----------+---------------+


+-----------------------------------------------------+
; Post-Synthesis Netlist Statistics for Top Partition ;
+-----------------------+-----------------------------+
; Type                  ; Count                       ;
+-----------------------+-----------------------------+
; boundary_port         ; 10                          ;
; cycloneiii_ff         ; 277                         ;
;     ENA CLR           ; 224                         ;
;     ENA CLR SCLR SLD  ; 32                          ;
;     ENA SLD           ; 11                          ;
;     SLD               ; 10                          ;
; cycloneiii_lcell_comb ; 2167                        ;
;     arith             ; 653                         ;
;         2 data inputs ; 23                          ;
;         3 data inputs ; 630                         ;
;     normal            ; 1514                        ;
;         0 data inputs ; 31                          ;
;         1 data inputs ; 2                           ;
;         2 data inputs ; 37                          ;
;         3 data inputs ; 179                         ;
;         4 data inputs ; 1265                        ;
; cycloneiii_mac_mult   ; 4                           ;
; cycloneiii_mac_out    ; 4                           ;
; cycloneiii_ram_block  ; 32                          ;
;                       ;                             ;
; Max LUT depth         ; 139.50                      ;
; Average LUT depth     ; 97.51                       ;
+-----------------------+-----------------------------+


+-------------------------------+
; Elapsed Time Per Partition    ;
+----------------+--------------+
; Partition Name ; Elapsed Time ;
+----------------+--------------+
; Top            ; 00:00:04     ;
+----------------+--------------+


+-------------------------------+
; Analysis & Synthesis Messages ;
+-------------------------------+
Info: *******************************************************************
Info: Running Quartus Prime Analysis & Synthesis
    Info: Version 18.1.0 Build 625 09/12/2018 SJ Lite Edition
    Info: Processing started: Sat Feb 19 16:15:15 2022
Info: Command: quartus_map --read_settings_files=on --write_settings_files=off top -c top
Info (20030): Parallel compilation is enabled and will use 6 of the 6 processors detected
Info (12021): Found 1 design units, including 1 entities, in source file /vp/hdl/mem/ram.v
    Info (12023): Found entity 1: ram File: G:/VP/hdl/Mem/ram.v Line: 4
Info (12021): Found 1 design units, including 1 entities, in source file /vp/hdl/alu/shifter.v
    Info (12023): Found entity 1: shifter File: G:/VP/hdl/ALU/shifter.v Line: 1
Info (12021): Found 1 design units, including 1 entities, in source file /vp/hdl/regfile/tsb.v
    Info (12023): Found entity 1: tsb File: G:/VP/hdl/regFile/tsb.v Line: 5
Info (12021): Found 1 design units, including 1 entities, in source file /vp/hdl/regfile/regfile.v
    Info (12023): Found entity 1: regFile File: G:/VP/hdl/regFile/regFile.v Line: 4
Info (12021): Found 1 design units, including 1 entities, in source file /vp/hdl/regfile/reg.v
    Info (12023): Found entity 1: regGen File: G:/VP/hdl/regFile/reg.v Line: 3
Info (12021): Found 1 design units, including 1 entities, in source file /vp/hdl/regfile/dcd3x8.v
    Info (12023): Found entity 1: dcd3x8 File: G:/VP/hdl/regFile/dcd3x8.v Line: 5
Info (12021): Found 1 design units, including 1 entities, in source file /vp/hdl/mem/irom.v
    Info (12023): Found entity 1: irom File: G:/VP/hdl/Mem/irom.v Line: 3
Info (12021): Found 1 design units, including 1 entities, in source file /vp/hdl/mem/ctr_tb.v
    Info (12023): Found entity 1: ctr_tb File: G:/VP/hdl/Mem/ctr_tb.v Line: 1
Info (12021): Found 1 design units, including 1 entities, in source file /vp/hdl/mem/ctr.v
    Info (12023): Found entity 1: ctr File: G:/VP/hdl/Mem/ctr.v Line: 4
Info (12021): Found 1 design units, including 1 entities, in source file /vp/hdl/alu/fa.v
    Info (12023): Found entity 1: FA File: G:/VP/hdl/ALU/FA.v Line: 1
Info (12021): Found 1 design units, including 1 entities, in source file /vp/hdl/alu/alu_tb.v
    Info (12023): Found entity 1: ALU_tb File: G:/VP/hdl/ALU/ALU_tb.v Line: 1
Info (12021): Found 1 design units, including 1 entities, in source file /vp/hdl/alu/alu.v
    Info (12023): Found entity 1: ALU File: G:/VP/hdl/ALU/ALU.v Line: 4
Info (12021): Found 1 design units, including 1 entities, in source file /vp/hdl/topproc.v
    Info (12023): Found entity 1: top File: G:/VP/hdl/topProc.v Line: 6
Info (12021): Found 1 design units, including 1 entities, in source file /vp/hdl/jmpctrl.v
    Info (12023): Found entity 1: jmpCtrl File: G:/VP/hdl/jmpCtrl.v Line: 1
Info (12021): Found 1 design units, including 1 entities, in source file /vp/hdl/ctrlunit.v
    Info (12023): Found entity 1: ctrl File: G:/VP/hdl/ctrlUnit.v Line: 4
Info (12127): Elaborating entity "top" for the top level hierarchy
Info (12128): Elaborating entity "ctr" for hierarchy "ctr:ProgCtr" File: G:/VP/hdl/topProc.v Line: 50
Info (12128): Elaborating entity "ctr" for hierarchy "ctr:stkCtr" File: G:/VP/hdl/topProc.v Line: 59
Info (12128): Elaborating entity "irom" for hierarchy "irom:instRom" File: G:/VP/hdl/topProc.v Line: 62
Warning (10030): Net "rom.data_a" at irom.v(14) has no driver or initial value, using a default initial value '0' File: G:/VP/hdl/Mem/irom.v Line: 14
Warning (10030): Net "rom.waddr_a" at irom.v(14) has no driver or initial value, using a default initial value '0' File: G:/VP/hdl/Mem/irom.v Line: 14
Warning (10030): Net "rom.we_a" at irom.v(14) has no driver or initial value, using a default initial value '0' File: G:/VP/hdl/Mem/irom.v Line: 14
Info (12128): Elaborating entity "ctrl" for hierarchy "ctrl:ctrl" File: G:/VP/hdl/topProc.v Line: 83
Info (12128): Elaborating entity "regFile" for hierarchy "regFile:regFile" File: G:/VP/hdl/topProc.v Line: 96
Info (12128): Elaborating entity "ALU" for hierarchy "ALU:ALU" File: G:/VP/hdl/topProc.v Line: 105
Info (12128): Elaborating entity "FA" for hierarchy "ALU:ALU|FA:uFA" File: G:/VP/hdl/ALU/ALU.v Line: 50
Info (12128): Elaborating entity "shifter" for hierarchy "ALU:ALU|shifter:SH" File: G:/VP/hdl/ALU/ALU.v Line: 52
Info (12128): Elaborating entity "jmpCtrl" for hierarchy "jmpCtrl:jmpCtrl" File: G:/VP/hdl/topProc.v Line: 114
Warning (10235): Verilog HDL Always Construct warning at jmpCtrl.v(30): variable "op" is read inside the Always Construct but isn't in the Always Construct's Event Control File: G:/VP/hdl/jmpCtrl.v Line: 30
Warning (10235): Verilog HDL Always Construct warning at jmpCtrl.v(32): variable "zero" is read inside the Always Construct but isn't in the Always Construct's Event Control File: G:/VP/hdl/jmpCtrl.v Line: 32
Warning (10235): Verilog HDL Always Construct warning at jmpCtrl.v(39): variable "zero" is read inside the Always Construct but isn't in the Always Construct's Event Control File: G:/VP/hdl/jmpCtrl.v Line: 39
Warning (10235): Verilog HDL Always Construct warning at jmpCtrl.v(46): variable "zero" is read inside the Always Construct but isn't in the Always Construct's Event Control File: G:/VP/hdl/jmpCtrl.v Line: 46
Warning (10235): Verilog HDL Always Construct warning at jmpCtrl.v(52): variable "zero" is read inside the Always Construct but isn't in the Always Construct's Event Control File: G:/VP/hdl/jmpCtrl.v Line: 52
Warning (10235): Verilog HDL Always Construct warning at jmpCtrl.v(59): variable "sign" is read inside the Always Construct but isn't in the Always Construct's Event Control File: G:/VP/hdl/jmpCtrl.v Line: 59
Warning (10235): Verilog HDL Always Construct warning at jmpCtrl.v(59): variable "zero" is read inside the Always Construct but isn't in the Always Construct's Event Control File: G:/VP/hdl/jmpCtrl.v Line: 59
Warning (10235): Verilog HDL Always Construct warning at jmpCtrl.v(66): variable "sign" is read inside the Always Construct but isn't in the Always Construct's Event Control File: G:/VP/hdl/jmpCtrl.v Line: 66
Warning (10235): Verilog HDL Always Construct warning at jmpCtrl.v(66): variable "zero" is read inside the Always Construct but isn't in the Always Construct's Event Control File: G:/VP/hdl/jmpCtrl.v Line: 66
Warning (10235): Verilog HDL Always Construct warning at jmpCtrl.v(73): variable "sign" is read inside the Always Construct but isn't in the Always Construct's Event Control File: G:/VP/hdl/jmpCtrl.v Line: 73
Warning (10235): Verilog HDL Always Construct warning at jmpCtrl.v(73): variable "zero" is read inside the Always Construct but isn't in the Always Construct's Event Control File: G:/VP/hdl/jmpCtrl.v Line: 73
Warning (10235): Verilog HDL Always Construct warning at jmpCtrl.v(79): variable "sign" is read inside the Always Construct but isn't in the Always Construct's Event Control File: G:/VP/hdl/jmpCtrl.v Line: 79
Warning (10235): Verilog HDL Always Construct warning at jmpCtrl.v(79): variable "zero" is read inside the Always Construct but isn't in the Always Construct's Event Control File: G:/VP/hdl/jmpCtrl.v Line: 79
Info (12128): Elaborating entity "ram" for hierarchy "ram:ram" File: G:/VP/hdl/topProc.v Line: 122
Warning (19016): Clock multiplexers are found and protected
    Warning (19017): Found clock multiplexer irom:instRom|rom~0 File: G:/VP/hdl/Mem/irom.v Line: 14
    Warning (19017): Found clock multiplexer irom:instRom|rom~1 File: G:/VP/hdl/Mem/irom.v Line: 14
    Warning (19017): Found clock multiplexer irom:instRom|rom~2 File: G:/VP/hdl/Mem/irom.v Line: 14
    Warning (19017): Found clock multiplexer irom:instRom|rom~3 File: G:/VP/hdl/Mem/irom.v Line: 14
    Warning (19017): Found clock multiplexer irom:instRom|rom~4 File: G:/VP/hdl/Mem/irom.v Line: 14
    Warning (19017): Found clock multiplexer irom:instRom|rom~5 File: G:/VP/hdl/Mem/irom.v Line: 14
Info (19000): Inferred 1 megafunctions from design logic
    Info (276029): Inferred altsyncram megafunction from the following design logic: "ram:ram|ram_rtl_0" 
        Info (286033): Parameter OPERATION_MODE set to SINGLE_PORT
        Info (286033): Parameter WIDTH_A set to 32
        Info (286033): Parameter WIDTHAD_A set to 11
        Info (286033): Parameter NUMWORDS_A set to 2048
        Info (286033): Parameter OUTDATA_REG_A set to UNREGISTERED
        Info (286033): Parameter ADDRESS_ACLR_A set to NONE
        Info (286033): Parameter OUTDATA_ACLR_A set to NONE
        Info (286033): Parameter INDATA_ACLR_A set to NONE
        Info (286033): Parameter WRCONTROL_ACLR_A set to NONE
Info (278001): Inferred 2 megafunctions from design logic
    Info (278003): Inferred multiplier megafunction ("lpm_mult") from the following logic: "ALU:ALU|Mult0" File: G:/VP/hdl/ALU/ALU.v Line: 79
    Info (278004): Inferred divider/modulo megafunction ("lpm_divide") from the following logic: "ALU:ALU|Div0" File: G:/VP/hdl/ALU/ALU.v Line: 80
Info (12130): Elaborated megafunction instantiation "ram:ram|altsyncram:ram_rtl_0"
Info (12133): Instantiated megafunction "ram:ram|altsyncram:ram_rtl_0" with the following parameter:
    Info (12134): Parameter "OPERATION_MODE" = "SINGLE_PORT"
    Info (12134): Parameter "WIDTH_A" = "32"
    Info (12134): Parameter "WIDTHAD_A" = "11"
    Info (12134): Parameter "NUMWORDS_A" = "2048"
    Info (12134): Parameter "OUTDATA_REG_A" = "UNREGISTERED"
    Info (12134): Parameter "ADDRESS_ACLR_A" = "NONE"
    Info (12134): Parameter "OUTDATA_ACLR_A" = "NONE"
    Info (12134): Parameter "INDATA_ACLR_A" = "NONE"
    Info (12134): Parameter "WRCONTROL_ACLR_A" = "NONE"
Info (12021): Found 1 design units, including 1 entities, in source file db/altsyncram_7i41.tdf
    Info (12023): Found entity 1: altsyncram_7i41 File: G:/VP/synthesis/db/altsyncram_7i41.tdf Line: 27
Info (12130): Elaborated megafunction instantiation "ALU:ALU|lpm_mult:Mult0" File: G:/VP/hdl/ALU/ALU.v Line: 79
Info (12133): Instantiated megafunction "ALU:ALU|lpm_mult:Mult0" with the following parameter: File: G:/VP/hdl/ALU/ALU.v Line: 79
    Info (12134): Parameter "LPM_WIDTHA" = "32"
    Info (12134): Parameter "LPM_WIDTHB" = "32"
    Info (12134): Parameter "LPM_WIDTHP" = "64"
    Info (12134): Parameter "LPM_WIDTHR" = "64"
    Info (12134): Parameter "LPM_WIDTHS" = "1"
    Info (12134): Parameter "LPM_REPRESENTATION" = "UNSIGNED"
    Info (12134): Parameter "INPUT_A_IS_CONSTANT" = "NO"
    Info (12134): Parameter "INPUT_B_IS_CONSTANT" = "NO"
    Info (12134): Parameter "MAXIMIZE_SPEED" = "5"
Info (12021): Found 1 design units, including 1 entities, in source file db/mult_7dt.tdf
    Info (12023): Found entity 1: mult_7dt File: G:/VP/synthesis/db/mult_7dt.tdf Line: 30
Info (12130): Elaborated megafunction instantiation "ALU:ALU|lpm_divide:Div0" File: G:/VP/hdl/ALU/ALU.v Line: 80
Info (12133): Instantiated megafunction "ALU:ALU|lpm_divide:Div0" with the following parameter: File: G:/VP/hdl/ALU/ALU.v Line: 80
    Info (12134): Parameter "LPM_WIDTHN" = "32"
    Info (12134): Parameter "LPM_WIDTHD" = "32"
    Info (12134): Parameter "LPM_NREPRESENTATION" = "UNSIGNED"
    Info (12134): Parameter "LPM_DREPRESENTATION" = "UNSIGNED"
Info (12021): Found 1 design units, including 1 entities, in source file db/lpm_divide_hkm.tdf
    Info (12023): Found entity 1: lpm_divide_hkm File: G:/VP/synthesis/db/lpm_divide_hkm.tdf Line: 24
Info (12021): Found 1 design units, including 1 entities, in source file db/sign_div_unsign_9nh.tdf
    Info (12023): Found entity 1: sign_div_unsign_9nh File: G:/VP/synthesis/db/sign_div_unsign_9nh.tdf Line: 24
Info (12021): Found 1 design units, including 1 entities, in source file db/alt_u_div_6af.tdf
    Info (12023): Found entity 1: alt_u_div_6af File: G:/VP/synthesis/db/alt_u_div_6af.tdf Line: 26
Info (12021): Found 1 design units, including 1 entities, in source file db/add_sub_7pc.tdf
    Info (12023): Found entity 1: add_sub_7pc File: G:/VP/synthesis/db/add_sub_7pc.tdf Line: 22
Info (12021): Found 1 design units, including 1 entities, in source file db/add_sub_8pc.tdf
    Info (12023): Found entity 1: add_sub_8pc File: G:/VP/synthesis/db/add_sub_8pc.tdf Line: 22
Info (13014): Ignored 222 buffer(s)
    Info (13019): Ignored 222 SOFT buffer(s)
Info (286030): Timing-Driven Synthesis is running
Info (144001): Generated suppressed messages file G:/VP/synthesis/output_files/top.map.smsg
Info (16010): Generating hard_block partition "hard_block:auto_generated_inst"
    Info (16011): Adding 0 node(s), including 0 DDIO, 0 PLL, 0 transceiver and 0 LCELL
Info (21057): Implemented 2473 device resources after synthesis - the final resource count might be different
    Info (21058): Implemented 2 input pins
    Info (21059): Implemented 8 output pins
    Info (21061): Implemented 2423 logic cells
    Info (21064): Implemented 32 RAM segments
    Info (21062): Implemented 8 DSP elements
Info: Quartus Prime Analysis & Synthesis was successful. 0 errors, 23 warnings
    Info: Peak virtual memory: 4808 megabytes
    Info: Processing ended: Sat Feb 19 16:15:29 2022
    Info: Elapsed time: 00:00:14
    Info: Total CPU time (on all processors): 00:00:25


+------------------------------------------+
; Analysis & Synthesis Suppressed Messages ;
+------------------------------------------+
The suppressed messages can be found in G:/VP/synthesis/output_files/top.map.smsg.


